title
"Number of VMs Ended"
parameters

start,end
2018-04-18,2018-04-30
---------
Month,"[Screwdriver] Number of VMs Ended"
2018-04,51
---------
