title
"Number of VMs Started"
parameters

start,end
2018-04-18,2018-04-30
---------
Summary,"Number of VMs Started"
Screwdriver,51
---------
