title
"Core Hours Utilization: (%): by System Username"
parameters

start,end
2018-04-18,2018-04-30
---------
Quarter,"[yerwa] Core Hours Utilization: (%)","[ylwwa] Core Hours Utilization: (%)","[setusca] Core Hours Utilization: (%)"
"2018 Q2",0.2078,0.0701,0.0007
---------
