title
"Average Cores Reserved Per VM"
parameters

start,end
2018-04-18,2018-04-30
---------
Year,"[Screwdriver] Average Cores Reserved Per VM"
2018,1.2745
---------
