title
"Average Memory Reserved Weighted By Wall Hours (Bytes): by VM Size: Cores"
parameters

start,end
2018-04-18,2018-04-30
---------
"VM Size: Cores","Average Memory Reserved Weighted By Wall Hours (Bytes)"
1,4271551495.1406
"2 - 3",4299793957.9116
---------
