title
"Cores: Total: by Submission Venue"
parameters

start,end
2018-04-18,2018-04-30
---------
Year,"[OpenStack API] Cores: Total"
2018,65
---------
