title
"Core Hours: Total: by Quarter"
parameters

start,end
2018-04-18,2018-04-30
---------
Quarter,"Core Hours: Total"
"2018 Q2",1755.9078
---------
