title
"Average Cores Per VM: by User"
parameters

start,end
2018-04-18,2018-04-30
---------
User,"Average Cores Per VM"
"Scaup, Lesser",2.2143
"Accentor, Alpine",1.2179
Blackbird,1.0000
---------
