title
"Wall Hours: Total: by VM Size: Cores"
parameters

start,end
2018-04-18,2018-04-30
---------
Quarter,"[1] Wall Hours: Total","[2 - 3] Wall Hours: Total"
"2018 Q2",913.0200,209.8544
---------
