title
"Core Hours Utilization: (%)"
parameters

start,end
2018-04-18,2018-04-30
---------
Month,"[Screwdriver] Core Hours Utilization: (%)"
2018-04,1.5355
---------
