title
"Average Wall Hours per VM: by Resource"
parameters

start,end
2018-04-18,2018-04-30
---------
Year,"[openstack] Average Wall Hours per VM"
2018,24.09155229
---------
