title
"Wall Hours: Total: by VM Size: Cores"
parameters

start,end
2018-04-18,2018-04-30
---------
"VM Size: Cores","Wall Hours: Total"
1,913.0200
"2 - 3",209.8544
"4 - 7",105.7947
---------
