title
"Number of VMs Running: by VM Size: Cores"
parameters

start,end
2018-04-18,2018-04-30
---------
Month,"[1] Number of VMs Running","[2 - 3] Number of VMs Running","[4 - 7] Number of VMs Running"
2018-04,43,5,3
---------
