title
"Number of VMs Ended: by Submission Venue"
parameters

start,end
2018-04-18,2018-04-30
---------
Month,"[OpenStack API] Number of VMs Ended"
2018-04,51
---------
