title
"Number of VMs Running: by Submission Venue"
parameters

start,end
2018-04-18,2018-04-30
---------
Year,"[OpenStack API] Number of VMs Running"
2018,51
---------
