title
"Core Hour Utilization (%): by PI"
parameters

start,end
2018-04-18,2018-04-30
---------
PI,"Core Hour Utilization (%)"
<<<<<<< HEAD
"Tern, Sandwich",0.2524
=======
"Tern, Sandwich",0.2786
>>>>>>> 8708fab90c913fd3ff5161fd2a54b7609b31c779
---------
