title
"Core Hours: Total: by Submission Venue"
parameters

start,end
2018-04-18,2018-04-30
---------
"Submission Venue","Core Hours: Total"
"OpenStack API",1755.9078
---------
