title
"Wall Hours: Total: by User"
parameters

start,end
2018-04-18,2018-04-30
---------
Quarter,"[Accentor, Alpine] Wall Hours: Total","[Scaup, Lesser] Wall Hours: Total","[Blackbird] Wall Hours: Total"
"2018 Q2",1003.4189,219.0086,6.2417
---------
