title
"Average Wall Hours per VM: by Resource"
parameters

start,end
2018-04-18,2018-04-30
---------
Quarter,"[openstack] Average Wall Hours per VM"
"2018 Q2",24.09155294
---------
