title
"Average Memory Reserved Weighted By Wall Hours (Bytes): by User"
parameters

start,end
2018-04-18,2018-04-30
---------
User,"Average Memory Reserved Weighted By Wall Hours (Bytes)"
"Accentor, Alpine",5597586865.0629
"Scaup, Lesser",4472021504.9981
Blackbird,3804543960.8993
---------
