title
"Average Memory Reserved Weighted By Wall Hours (Bytes): by User"
parameters

start,end
2018-04-18,2018-04-30
---------
Quarter,"[Accentor, Alpine] Average Memory Reserved Weighted By Wall Hours (Bytes)","[Scaup, Lesser] Average Memory Reserved Weighted By Wall Hours (Bytes)","[Blackbird] Average Memory Reserved Weighted By Wall Hours (Bytes)"
"2018 Q2",5597586865.0629,4472021504.9981,3804543960.8993
---------
