title
"Cores: Total"
parameters

start,end
2018-04-18,2018-04-30
---------
Year,"[Screwdriver] Cores: Total"
2018,65
---------
