title
None
parameters

"*Restricted To: User = Tern, C"
start,end
2018-04-18,2018-04-30
---------

---------
