title
"Number of VMs Ended: by User"
parameters

start,end
2018-04-18,2018-04-30
---------
Year,"[Accentor, Alpine] Number of VMs Ended","[Blackbird] Number of VMs Ended","[Scaup, Lesser] Number of VMs Ended"
2018,36,9,6
---------
