title
"Core Hours: Total: by VM Size: Cores"
parameters

start,end
2018-04-18,2018-04-30
---------
"VM Size: Cores","Core Hours: Total"
1,911.2633
"2 - 3",419.7056
"4 - 7",423.1744
---------
