title
"Number of VMs Started: by VM Size: Cores"
parameters

start,end
2018-04-18,2018-04-30
---------
"VM Size: Cores","Number of VMs Started"
1,43
"2 - 3",5
---------
