title
"Average Wall Hours per VM: by User"
parameters

start,end
2018-04-18,2018-04-30
---------
Month,"[Scaup, Lesser] Average Wall Hours per VM","[Accentor, Alpine] Average Wall Hours per VM","[Blackbird] Average Wall Hours per VM"
2018-04,36.50143333,27.87274722,0.69352222
---------
