title
"Average Cores Reserved Weighted By Wall Hours: by Year"
parameters

start,end
2018-04-18,2018-04-30
---------
Year,"[1.4291] "
2018,
---------
