title
"Core Hours Utilization: (%): by User"
parameters

start,end
2018-04-18,2018-04-30
---------
User,"Core Hours Utilization: (%)"
"Warbler, Yellow-rumped",1.2170
"Warbler, Yellow",0.4103
"Warbler, Blackburnian",0.0042
---------
