title
"Average Memory Reserved Weighted By Wall Hours (Bytes): by Quarter"
parameters

start,end
2018-04-18,2018-04-30
---------
Quarter,"[5387847669.7281] "
"2018 Q2",
---------
