title
"Average Disk Reserved Weighted By Wall Hours (Bytes): by VM Size: Cores"
parameters

start,end
2018-04-18,2018-04-30
---------
"VM Size: Cores","Average Disk Reserved Weighted By Wall Hours (Bytes)"
1,21474836480.0000
"2 - 3",21474836480.0000
---------
