title
"Number of VMs Started: by Quarter"
parameters

start,end
2018-04-18,2018-04-30
---------
Quarter,"[51] "
"2018 Q2",
---------
