title
"Core Hours Utilization: (%): by Resource"
parameters

start,end
2018-04-18,2018-04-30
---------
Resource,"Core Hours Utilization: (%)"
openstack,0.0803
---------
