title
"Average Disk Reserved Weighted By Wall Hours (Bytes): by User"
parameters

start,end
2018-04-18,2018-04-30
---------
User,"Average Disk Reserved Weighted By Wall Hours (Bytes)"
"Accentor, Alpine",21474836480.0000
Blackbird,21474836480.0000
"Scaup, Lesser",21474836480.0000
---------
