title
"Average Disk Reserved Weighted By Wall Hours (Bytes): by User"
parameters

start,end
2018-04-18,2018-04-30
---------
Quarter,"[Accentor, Alpine] Average Disk Reserved Weighted By Wall Hours (Bytes)","[Blackbird] Average Disk Reserved Weighted By Wall Hours (Bytes)","[Scaup, Lesser] Average Disk Reserved Weighted By Wall Hours (Bytes)"
"2018 Q2",21474836480.0000,21474836480.0000,21474836480.0000
---------
